

digraph "Effect of action `a' on proposition `(prv^2 a)'" {
center = true;
edge [dir = none];
n0 [label="(prv a)"];
n0 -> n1;
n0 -> n2 [style=dashed]
n1 [label="1.00" shape=box];
n2 [label="0.00" shape=box];
}


